Navigating to the JUBE benchmark directory: ....
######################################################################
# benchmark: qe
# id: 16
#
# QE 7.5
######################################################################

Running workpackages (#=done, 0=wait, E=error):

............................................................ (  0/  3)
00000000000000000000........................................ (  0/  3)
0000000000000000000000000000000000000000.................... (  0/  3)
000000000000000000000000000000000000000000000000000000000000 (  0/  3)

  | stepname | all | open | wait | error | done |
  |----------|-----|------|------|-------|------|
  |   submit |   3 |    0 |    3 |     0 |    0 |

>>>> Benchmark information and further useful commands:
>>>>       id: 16
>>>>   handle: benchmark_qe_mn5
>>>>      dir: benchmark_qe_mn5/000016
>>>> continue: jube continue benchmark_qe_mn5 --id 16
>>>>  analyse: jube analyse benchmark_qe_mn5 --id 16
>>>>   result: jube result benchmark_qe_mn5 --id 16
>>>>     info: jube info benchmark_qe_mn5 --id 16
>>>>      log: jube log benchmark_qe_mn5 --id 16
######################################################################
Extracted benchmark: QE
Extracted benchmark directory: benchmark_qe_mn5
Extracted jube_id: 000016
2026-09-15 11:57:33: Waiting for all jobs to complete...
2026-09-15 11:57:34: Waiting for start_time.txt files...
2026-09-15 11:58:14: Waiting for start_time.txt files...
2026-09-15 11:58:54: Waiting for start_time.txt files...
2026-09-15 11:59:34: Waiting for start_time.txt files...
2026-09-15 12:00:14: Waiting for start_time.txt files...
2026-09-15 12:00:54: Waiting for job completion...
2026-09-15 12:01:34: Waiting for job completion...
2026-09-15 12:02:14: Waiting for job completion...
2026-09-15 12:02:54: Waiting for job completion...
2026-09-15 12:03:35: Waiting for job completion...
2026-09-15 12:04:15: Waiting for job completion...
2026-09-15 12:04:55: Waiting for job completion...
2026-09-15 12:05:35: Waiting for job completion...
2026-09-15 12:06:15: Waiting for job completion...
2026-09-15 12:06:55: Waiting for job completion...
2026-09-15 12:07:35: Waiting for job completion...
2026-09-15 12:08:15: Waiting for job completion...
2026-09-15 12:08:55: Waiting for job completion...
2026-09-15 12:09:35: Waiting for job completion...
2026-09-15 12:10:15: Waiting for job completion...
2026-09-15 12:10:56: Waiting for job completion...
2026-09-15 12:11:36: Waiting for job completion...
2026-09-15 12:12:16: Waiting for job completion...
2026-09-15 12:12:56: Waiting for job completion...
2026-09-15 12:13:36: Waiting for job completion...
2026-09-15 12:14:16: Waiting for job completion...
2026-09-15 12:14:56: Waiting for job completion...
2026-09-15 12:15:36: Waiting for job completion...
2026-09-15 12:16:16: Waiting for job completion...
2026-09-15 12:16:57: Waiting for job completion...
2026-09-15 12:17:37: Waiting for job completion...
2026-09-15 12:18:17: Waiting for job completion...
2026-09-15 12:18:57: Waiting for job completion...
2026-09-15 12:19:37: Waiting for job completion...
2026-09-15 12:20:17: Waiting for job completion...
2026-09-15 12:20:57: Waiting for job completion...
2026-09-15 12:21:37: Waiting for job completion...
2026-09-15 12:22:17: Waiting for job completion...
2026-09-15 12:22:58: Waiting for job completion...
2026-09-15 12:23:38: Waiting for job completion...
2026-09-15 12:24:18: Waiting for job completion...
2026-09-15 12:24:58: Waiting for job completion...
2026-09-15 12:25:38: Waiting for job completion...
2026-09-15 12:26:18: Waiting for job completion...
2026-09-15 12:26:58: Waiting for job completion...
2026-09-15 12:27:38: Waiting for job completion...
2026-09-15 12:28:18: Waiting for job completion...
2026-09-15 12:28:58: Waiting for job completion...
2026-09-15 12:29:38: Waiting for job completion...
2026-09-15 12:30:19: Waiting for job completion...
2026-09-15 12:30:59: Waiting for job completion...
2026-09-15 12:31:39: Waiting for job completion...
2026-09-15 12:32:19: Waiting for job completion...
2026-09-15 12:32:59: Waiting for job completion...
2026-09-15 12:33:39: Waiting for job completion...
2026-09-15 12:34:19: Waiting for job completion...
2026-09-15 12:34:59: Waiting for job completion...
2026-09-15 12:35:40: Waiting for job completion...
2026-09-15 12:36:20: Waiting for job completion...
2026-09-15 12:37:00: Waiting for job completion...
2026-09-15 12:37:40: Waiting for job completion...
2026-09-15 12:38:20: Waiting for job completion...
2026-09-15 12:39:00: Waiting for job completion...
2026-09-15 12:39:40: Waiting for job completion...
2026-09-15 12:40:20: Waiting for job completion...
2026-09-15 12:41:00: Waiting for job completion...
2026-09-15 12:41:40: Waiting for job completion...
2026-09-15 12:42:20: Waiting for job completion...
2026-09-15 12:43:01: Waiting for job completion...
2026-09-15 12:43:41: Waiting for job completion...
2026-09-15 12:44:21: Waiting for job completion...
2026-09-15 12:45:01: Waiting for job completion...
2026-09-15 12:45:41: Waiting for job completion...
2026-09-15 12:46:21: Waiting for job completion...
Jobs have completed or there might be timeout. Extracting results...
job_details:
|   Job_ID | inp_filename | nodes | tasks_per_node | num_tasks | threads_per_task | CPU_Time | WallTime_Result |          Start_Time | Parallel_Efficiency |
|----------|--------------|-------|----------------|-----------|------------------|----------|-----------------|---------------------|---------------------|
| 22063083 |              |     1 |              8 |         8 |                7 | 17931.19 |         2669.30 | 2026-09-15 12:00:52 |                0.52 |
| 22063084 |              |     1 |             16 |        16 |                3 |  7543.38 |         2753.48 | 2026-09-15 12:00:52 |                0.49 |
| 22063085 |              |     1 |             24 |        24 |                2 |          |                 | 2026-09-15 12:00:52 |                     |

performance_metrics:
|   Job_ID |  Elapsed_Time | Parallel_Efficiency | Communication_Efficiency | Load_Balance | LB_in | LB_out | Useful_Instructions | Total_Useful_Cycle | Total_Useful_Time |
|----------|---------------|---------------------|--------------------------|--------------|-------|--------|---------------------|--------------------|-------------------|
| 22063083 | 2669994210663 |                0.52 |                     0.87 |          0.6 |   0.6 |    1.0 |      26197925234085 |     26459385450330 |    11152878958669 |
| 22063084 | 2754237008248 |                0.49 |                     0.85 |         0.58 |  0.58 |    1.0 |      50992350757815 |     53683848297765 |    21803274140425 |
| 22063085 |               |                     |                          |              |       |        |                     |                    |                   |

Average Parallel Efficiency: 0.5
Navigating to the JUBE benchmark directory: ....
######################################################################
# benchmark: qe
# id: 17
#
# QE 7.5
######################################################################

Running workpackages (#=done, 0=wait, E=error):

............................................................ (  0/  4)
000000000000000............................................. (  0/  4)
000000000000000000000000000000.............................. (  0/  4)
000000000000000000000000000000000000000000000............... (  0/  4)
000000000000000000000000000000000000000000000000000000000000 (  0/  4)

  | stepname | all | open | wait | error | done |
  |----------|-----|------|------|-------|------|
  |   submit |   4 |    0 |    4 |     0 |    0 |

>>>> Benchmark information and further useful commands:
>>>>       id: 17
>>>>   handle: benchmark_qe_mn5
>>>>      dir: benchmark_qe_mn5/000017
>>>> continue: jube continue benchmark_qe_mn5 --id 17
>>>>  analyse: jube analyse benchmark_qe_mn5 --id 17
>>>>   result: jube result benchmark_qe_mn5 --id 17
>>>>     info: jube info benchmark_qe_mn5 --id 17
>>>>      log: jube log benchmark_qe_mn5 --id 17
######################################################################
Extracted benchmark: qe
Extracted benchmark directory: benchmark_qe_mn5
Extracted jube_id: 000017
2026-09-15 12:47:05: Waiting for all jobs to complete...
2026-09-15 12:47:14: Waiting for start_time.txt files...
2026-09-15 12:47:54: Waiting for start_time.txt files...
2026-09-15 12:49:05: Waiting for job completion...
2026-09-15 12:49:45: Waiting for job completion...
2026-09-15 12:50:43: Waiting for job completion...
2026-09-15 12:51:23: Waiting for job completion...
2026-09-15 12:52:03: Waiting for job completion...
2026-09-15 12:52:43: Waiting for job completion...
2026-09-15 12:53:23: Waiting for job completion...
2026-09-15 12:54:04: Waiting for job completion...
2026-09-15 12:54:44: Waiting for job completion...
2026-09-15 12:55:24: Waiting for job completion...
2026-09-15 12:56:04: Waiting for job completion...
2026-09-15 12:56:45: Waiting for job completion...
2026-09-15 12:57:25: Waiting for job completion...
2026-09-15 12:58:05: Waiting for job completion...
2026-09-15 12:58:45: Waiting for job completion...
2026-09-15 12:59:25: Waiting for job completion...
2026-09-15 13:00:10: Waiting for job completion...
2026-09-15 13:00:50: Waiting for job completion...
2026-09-15 13:01:30: Waiting for job completion...
2026-09-15 13:02:11: Waiting for job completion...
2026-09-15 13:02:51: Waiting for job completion...
2026-09-15 13:03:31: Waiting for job completion...
2026-09-15 13:04:11: Waiting for job completion...
2026-09-15 13:04:51: Waiting for job completion...
2026-09-15 13:05:32: Waiting for job completion...
2026-09-15 13:06:12: Waiting for job completion...
2026-09-15 13:06:52: Waiting for job completion...
2026-09-15 13:07:32: Waiting for job completion...
2026-09-15 13:08:12: Waiting for job completion...
2026-09-15 13:08:53: Waiting for job completion...
2026-09-15 13:09:33: Waiting for job completion...
2026-09-15 13:10:13: Waiting for job completion...
2026-09-15 13:10:53: Waiting for job completion...
2026-09-15 13:11:33: Waiting for job completion...
2026-09-15 13:12:14: Waiting for job completion...
2026-09-15 13:12:54: Waiting for job completion...
2026-09-15 13:13:34: Waiting for job completion...
2026-09-15 13:14:14: Waiting for job completion...
Jobs have completed or there might be timeout. Extracting results...
job_details:
|   Job_ID | inp_filename | nodes | tasks_per_node | num_tasks | threads_per_task | CPU_Time | WallTime_Result |          Start_Time | Parallel_Efficiency |
|----------|--------------|-------|----------------|-----------|------------------|----------|-----------------|---------------------|---------------------|
| 22064079 |              |     2 |              8 |        16 |                7 | 10346.76 |         1542.44 | 2026-09-15 12:48:38 |                 0.5 |
| 22064080 |              |     2 |              8 |        16 |                7 | 10373.39 |         1544.39 | 2026-09-15 12:48:38 |                 0.5 |
| 22064081 |              |     2 |              8 |        16 |                7 | 10290.19 |         1540.18 | 2026-09-15 12:48:38 |                 0.5 |
| 22064082 |              |     2 |              8 |        16 |                7 | 10338.45 |         1545.21 | 2026-09-15 12:48:39 |                 0.5 |

performance_metrics:
|   Job_ID |  Elapsed_Time | Parallel_Efficiency | Communication_Efficiency | Load_Balance | LB_in | LB_out | Useful_Instructions | Total_Useful_Cycle | Total_Useful_Time |
|----------|---------------|---------------------|--------------------------|--------------|-------|--------|---------------------|--------------------|-------------------|
| 22064079 | 1543238563485 |                 0.5 |                     0.84 |         0.59 |   0.6 |   0.99 |      28941595353767 |     29179232299876 |    12321633068510 |
| 22064080 | 1545173775996 |                 0.5 |                     0.84 |         0.59 |   0.6 |   0.99 |      28962867299443 |     29358974455412 |    12354444321777 |
| 22064081 | 1540962374360 |                 0.5 |                     0.84 |          0.6 |   0.6 |   0.99 |      28893225520306 |     29191160381507 |    12310551676795 |
| 22064082 | 1545958559690 |                 0.5 |                     0.83 |          0.6 |  0.61 |   0.99 |      28886036930212 |     29106882912360 |    12289125708286 |

Navigating to the JUBE benchmark directory: ....
######################################################################
# benchmark: qe
# id: 18
#
# QE 7.5
######################################################################

Running workpackages (#=done, 0=wait, E=error):

............................................................ (  0/  4)
000000000000000............................................. (  0/  4)
000000000000000000000000000000.............................. (  0/  4)
000000000000000000000000000000000000000000000............... (  0/  4)
000000000000000000000000000000000000000000000000000000000000 (  0/  4)

  | stepname | all | open | wait | error | done |
  |----------|-----|------|------|-------|------|
  |   submit |   4 |    0 |    4 |     0 |    0 |

>>>> Benchmark information and further useful commands:
>>>>       id: 18
>>>>   handle: benchmark_qe_mn5
>>>>      dir: benchmark_qe_mn5/000018
>>>> continue: jube continue benchmark_qe_mn5 --id 18
>>>>  analyse: jube analyse benchmark_qe_mn5 --id 18
>>>>   result: jube result benchmark_qe_mn5 --id 18
>>>>     info: jube info benchmark_qe_mn5 --id 18
>>>>      log: jube log benchmark_qe_mn5 --id 18
######################################################################
Extracted benchmark: qe
Extracted benchmark directory: benchmark_qe_mn5
Extracted jube_id: 000018
2026-09-15 13:14:58: Waiting for all jobs to complete...
2026-09-15 13:14:58: Waiting for start_time.txt files...
2026-09-15 13:15:38: Waiting for start_time.txt files...
2026-09-15 13:16:18: Waiting for start_time.txt files...
2026-09-15 13:16:58: Waiting for start_time.txt files...
2026-09-15 13:17:39: Waiting for job completion...
2026-09-15 13:18:19: Waiting for job completion...
2026-09-15 13:18:59: Waiting for job completion...
2026-09-15 13:19:39: Waiting for job completion...
2026-09-15 13:20:20: Waiting for job completion...
2026-09-15 13:21:00: Waiting for job completion...
2026-09-15 13:21:40: Waiting for job completion...
2026-09-15 13:22:20: Waiting for job completion...
2026-09-15 13:23:00: Waiting for job completion...
2026-09-15 13:23:41: Waiting for job completion...
2026-09-15 13:24:21: Waiting for job completion...
2026-09-15 13:25:01: Waiting for job completion...
2026-09-15 13:25:41: Waiting for job completion...
2026-09-15 13:26:22: Waiting for job completion...
2026-09-15 13:27:02: Waiting for job completion...
2026-09-15 13:27:42: Waiting for job completion...
2026-09-15 13:28:22: Waiting for job completion...
2026-09-15 13:29:03: Waiting for job completion...
2026-09-15 13:29:43: Waiting for job completion...
Jobs have completed or there might be timeout. Extracting results...
job_details:
|   Job_ID | inp_filename | nodes | tasks_per_node | num_tasks | threads_per_task | CPU_Time | WallTime_Result |          Start_Time | Parallel_Efficiency |
|----------|--------------|-------|----------------|-----------|------------------|----------|-----------------|---------------------|---------------------|
| 22065036 |              |     4 |              8 |        32 |                7 |  5170.71 |          775.83 | 2026-09-15 13:17:09 |                0.45 |
| 22065037 |              |     4 |              8 |        32 |                7 |  5156.79 |          773.10 | 2026-09-15 13:17:09 |                0.45 |
| 22065038 |              |     4 |              8 |        32 |                7 |  5169.09 |          774.78 | 2026-09-15 13:17:08 |                0.45 |
| 22065039 |              |     4 |              8 |        32 |                7 |  5152.11 |          774.00 | 2026-09-15 13:17:09 |                0.45 |

performance_metrics:
|   Job_ID | Elapsed_Time | Parallel_Efficiency | Communication_Efficiency | Load_Balance | LB_in | LB_out | Useful_Instructions | Total_Useful_Cycle | Total_Useful_Time |
|----------|--------------|---------------------|--------------------------|--------------|-------|--------|---------------------|--------------------|-------------------|
| 22065036 | 776740297268 |                0.45 |                     0.82 |         0.54 |  0.59 |   0.91 |      26350151073832 |     26072087487777 |    11105077920449 |
| 22065037 | 773885701759 |                0.45 |                     0.82 |         0.55 |   0.6 |   0.91 |      26326530736553 |     26032423395163 |    11078081562628 |
| 22065038 | 775565339800 |                0.45 |                     0.82 |         0.55 |   0.6 |   0.91 |      26376501987064 |     26049181518992 |    11097875723215 |
| 22065039 | 774877923004 |                0.45 |                     0.82 |         0.54 |   0.6 |   0.91 |      26327824560534 |     25996369446031 |    11082006805406 |

Navigating to the JUBE benchmark directory: ....
######################################################################
# benchmark: qe
# id: 19
#
# QE 7.5
######################################################################

Running workpackages (#=done, 0=wait, E=error):

............................................................ (  0/  4)
000000000000000............................................. (  0/  4)
000000000000000000000000000000.............................. (  0/  4)
000000000000000000000000000000000000000000000............... (  0/  4)
000000000000000000000000000000000000000000000000000000000000 (  0/  4)

  | stepname | all | open | wait | error | done |
  |----------|-----|------|------|-------|------|
  |   submit |   4 |    0 |    4 |     0 |    0 |

>>>> Benchmark information and further useful commands:
>>>>       id: 19
>>>>   handle: benchmark_qe_mn5
>>>>      dir: benchmark_qe_mn5/000019
>>>> continue: jube continue benchmark_qe_mn5 --id 19
>>>>  analyse: jube analyse benchmark_qe_mn5 --id 19
>>>>   result: jube result benchmark_qe_mn5 --id 19
>>>>     info: jube info benchmark_qe_mn5 --id 19
>>>>      log: jube log benchmark_qe_mn5 --id 19
######################################################################
Extracted benchmark: qe
Extracted benchmark directory: benchmark_qe_mn5
Extracted jube_id: 000019
2026-09-15 13:30:27: Waiting for all jobs to complete...
2026-09-15 13:30:28: Waiting for start_time.txt files...
2026-09-15 13:31:08: Waiting for start_time.txt files...
2026-09-15 13:31:48: Waiting for start_time.txt files...
2026-09-15 13:32:28: Waiting for start_time.txt files...
2026-09-15 13:33:08: Waiting for start_time.txt files...
2026-09-15 13:33:48: Waiting for start_time.txt files...
2026-09-15 13:34:28: Waiting for start_time.txt files...
2026-09-15 13:35:08: Waiting for start_time.txt files...
2026-09-15 13:35:48: Waiting for start_time.txt files...
2026-09-15 13:36:28: Waiting for start_time.txt files...
2026-09-15 13:37:08: Waiting for start_time.txt files...
2026-09-15 13:37:48: Waiting for start_time.txt files...
2026-09-15 13:38:28: Waiting for start_time.txt files...
2026-09-15 13:39:08: Waiting for start_time.txt files...
2026-09-15 13:39:48: Waiting for start_time.txt files...
2026-09-15 13:40:29: Waiting for start_time.txt files...
2026-09-15 13:41:09: Waiting for start_time.txt files...
2026-09-15 13:41:49: Waiting for start_time.txt files...
2026-09-15 13:42:29: Waiting for start_time.txt files...
2026-09-15 13:43:09: Waiting for start_time.txt files...
2026-09-15 13:43:49: Waiting for start_time.txt files...
2026-09-15 13:44:31: Waiting for start_time.txt files...
2026-09-15 13:45:20: Waiting for start_time.txt files...
2026-09-15 13:46:08: Waiting for start_time.txt files...
2026-09-15 13:46:55: Waiting for start_time.txt files...
2026-09-15 13:47:55: Waiting for job completion...
2026-09-15 13:49:06: Waiting for job completion...
2026-09-15 13:49:55: Waiting for job completion...
2026-09-15 13:51:19: Waiting for job completion...
2026-09-15 13:52:32: Waiting for job completion...
2026-09-15 13:53:31: Waiting for job completion...
2026-09-15 13:54:31: Waiting for job completion...
Jobs have completed or there might be timeout. Extracting results...
job_details:
|   Job_ID | inp_filename | nodes | tasks_per_node | num_tasks | threads_per_task | CPU_Time | WallTime_Result |          Start_Time | Parallel_Efficiency |
|----------|--------------|-------|----------------|-----------|------------------|----------|-----------------|---------------------|---------------------|
| 22065509 |              |     8 |              8 |        64 |                7 |  3053.38 |          459.63 | 2026-09-15 13:46:55 |                0.39 |
| 22065510 |              |     8 |              8 |        64 |                7 |  3046.21 |          458.67 | 2026-09-15 13:46:54 |                0.39 |
| 22065511 |              |     8 |              8 |        64 |                7 |  3046.54 |          459.15 | 2026-09-15 13:46:54 |                0.39 |
| 22065512 |              |     8 |              8 |        64 |                7 |  3054.36 |          459.11 | 2026-09-15 13:46:54 |                0.39 |

performance_metrics:
|   Job_ID | Elapsed_Time | Parallel_Efficiency | Communication_Efficiency | Load_Balance | LB_in | LB_out | Useful_Instructions | Total_Useful_Cycle | Total_Useful_Time |
|----------|--------------|---------------------|--------------------------|--------------|-------|--------|---------------------|--------------------|-------------------|
| 22065509 | 460535145926 |                0.39 |                      0.8 |         0.49 |  0.61 |    0.8 |      27529234946160 |     26984387868041 |    11508496307370 |
| 22065510 | 459655350576 |                0.39 |                      0.8 |         0.49 |  0.61 |    0.8 |      27548433574684 |     27014582945564 |    11524785719911 |
| 22065511 | 460048036277 |                0.39 |                      0.8 |         0.49 |  0.61 |    0.8 |      27531121805842 |     27032316944147 |    11533879548102 |
| 22065512 | 460111210040 |                0.39 |                      0.8 |         0.49 |  0.61 |    0.8 |      27574997509502 |     27046681584086 |    11544964441523 |

Navigating to the JUBE benchmark directory: ....
######################################################################
# benchmark: qe
# id: 20
#
# QE 7.5
######################################################################

Running workpackages (#=done, 0=wait, E=error):

............................................................ (  0/  4)
000000000000000............................................. (  0/  4)
000000000000000000000000000000.............................. (  0/  4)
000000000000000000000000000000000000000000000............... (  0/  4)
000000000000000000000000000000000000000000000000000000000000 (  0/  4)

  | stepname | all | open | wait | error | done |
  |----------|-----|------|------|-------|------|
  |   submit |   4 |    0 |    4 |     0 |    0 |

>>>> Benchmark information and further useful commands:
>>>>       id: 20
>>>>   handle: benchmark_qe_mn5
>>>>      dir: benchmark_qe_mn5/000020
>>>> continue: jube continue benchmark_qe_mn5 --id 20
>>>>  analyse: jube analyse benchmark_qe_mn5 --id 20
>>>>   result: jube result benchmark_qe_mn5 --id 20
>>>>     info: jube info benchmark_qe_mn5 --id 20
>>>>      log: jube log benchmark_qe_mn5 --id 20
######################################################################
Extracted benchmark: qe
Extracted benchmark directory: benchmark_qe_mn5
Extracted jube_id: 000020
2026-09-15 13:55:14: Waiting for all jobs to complete...
2026-09-15 13:55:14: Waiting for start_time.txt files...
2026-09-15 13:55:54: Waiting for start_time.txt files...
2026-09-15 13:56:35: Waiting for start_time.txt files...
2026-09-15 13:57:15: Waiting for start_time.txt files...
2026-09-15 13:57:55: Waiting for start_time.txt files...
2026-09-15 13:58:35: Waiting for start_time.txt files...
2026-09-15 13:59:15: Waiting for start_time.txt files...
2026-09-15 13:59:55: Waiting for start_time.txt files...
Navigating to the JUBE benchmark directory: ....
######################################################################
# benchmark: qe
# id: 21
#
# QE 7.5
######################################################################

Running workpackages (#=done, 0=wait, E=error):

............................................................ (  0/  3)
00000000000000000000........................................ (  0/  3)
0000000000000000000000000000000000000000.................... (  0/  3)
000000000000000000000000000000000000000000000000000000000000 (  0/  3)

  | stepname | all | open | wait | error | done |
  |----------|-----|------|------|-------|------|
  |   submit |   3 |    0 |    3 |     0 |    0 |

>>>> Benchmark information and further useful commands:
>>>>       id: 21
>>>>   handle: benchmark_qe_mn5
>>>>      dir: benchmark_qe_mn5/000021
>>>> continue: jube continue benchmark_qe_mn5 --id 21
>>>>  analyse: jube analyse benchmark_qe_mn5 --id 21
>>>>   result: jube result benchmark_qe_mn5 --id 21
>>>>     info: jube info benchmark_qe_mn5 --id 21
>>>>      log: jube log benchmark_qe_mn5 --id 21
######################################################################
Extracted benchmark: QE
Extracted benchmark directory: benchmark_qe_mn5
Extracted jube_id: 000021
2026-09-15 14:00:48: Waiting for all jobs to complete...
2026-09-15 14:00:49: Waiting for start_time.txt files...
2026-09-15 14:01:29: Waiting for start_time.txt files...
2026-09-15 14:02:09: Waiting for start_time.txt files...
2026-09-15 14:02:49: Waiting for start_time.txt files...
2026-09-15 14:03:29: Waiting for start_time.txt files...
2026-09-15 14:04:09: Waiting for job completion...
2026-09-15 14:04:49: Waiting for job completion...
2026-09-15 14:05:29: Waiting for job completion...
2026-09-15 14:06:10: Waiting for job completion...
2026-09-15 14:06:50: Waiting for job completion...
2026-09-15 14:07:30: Waiting for job completion...
2026-09-15 14:08:10: Waiting for job completion...
2026-09-15 14:08:50: Waiting for job completion...
2026-09-15 14:09:31: Waiting for job completion...
2026-09-15 14:10:11: Waiting for job completion...
2026-09-15 14:10:51: Waiting for job completion...
2026-09-15 14:11:31: Waiting for job completion...
2026-09-15 14:12:11: Waiting for job completion...
2026-09-15 14:12:52: Waiting for job completion...
2026-09-15 14:13:32: Waiting for job completion...
2026-09-15 14:14:12: Waiting for job completion...
2026-09-15 14:14:52: Waiting for job completion...
2026-09-15 14:15:33: Waiting for job completion...
2026-09-15 14:16:13: Waiting for job completion...
2026-09-15 14:16:53: Waiting for job completion...
2026-09-15 14:17:33: Waiting for job completion...
2026-09-15 14:18:13: Waiting for job completion...
2026-09-15 14:18:54: Waiting for job completion...
2026-09-15 14:19:34: Waiting for job completion...
2026-09-15 14:20:14: Waiting for job completion...
2026-09-15 14:20:54: Waiting for job completion...
2026-09-15 14:21:34: Waiting for job completion...
2026-09-15 14:22:15: Waiting for job completion...
2026-09-15 14:22:55: Waiting for job completion...
2026-09-15 14:23:35: Waiting for job completion...
2026-09-15 14:24:15: Waiting for job completion...
2026-09-15 14:24:55: Waiting for job completion...
2026-09-15 14:25:35: Waiting for job completion...
2026-09-15 14:26:15: Waiting for job completion...
2026-09-15 14:26:56: Waiting for job completion...
2026-09-15 14:27:36: Waiting for job completion...
2026-09-15 14:28:16: Waiting for job completion...
2026-09-15 14:28:56: Waiting for job completion...
2026-09-15 14:29:36: Waiting for job completion...
2026-09-15 14:30:16: Waiting for job completion...
2026-09-15 14:30:56: Waiting for job completion...
2026-09-15 14:31:37: Waiting for job completion...
2026-09-15 14:32:17: Waiting for job completion...
2026-09-15 14:32:57: Waiting for job completion...
2026-09-15 14:33:37: Waiting for job completion...
2026-09-15 14:34:17: Waiting for job completion...
2026-09-15 14:34:57: Waiting for job completion...
2026-09-15 14:35:37: Waiting for job completion...
2026-09-15 14:36:18: Waiting for job completion...
2026-09-15 14:36:58: Waiting for job completion...
2026-09-15 14:37:38: Waiting for job completion...
2026-09-15 14:38:18: Waiting for job completion...
2026-09-15 14:38:58: Waiting for job completion...
2026-09-15 14:39:38: Waiting for job completion...
2026-09-15 14:40:19: Waiting for job completion...
2026-09-15 14:40:59: Waiting for job completion...
2026-09-15 14:41:39: Waiting for job completion...
2026-09-15 14:42:19: Waiting for job completion...
2026-09-15 14:42:59: Waiting for job completion...
2026-09-15 14:43:39: Waiting for job completion...
2026-09-15 14:44:19: Waiting for job completion...
2026-09-15 14:45:00: Waiting for job completion...
2026-09-15 14:45:40: Waiting for job completion...
2026-09-15 14:46:20: Waiting for job completion...
Jobs have completed or there might be timeout. Extracting results...
job_details:
|   Job_ID | inp_filename | nodes | tasks_per_node | num_tasks | threads_per_task | CPU_Time | WallTime_Result |          Start_Time | Parallel_Efficiency |
|----------|--------------|-------|----------------|-----------|------------------|----------|-----------------|---------------------|---------------------|
| 22066316 |              |     1 |              8 |         8 |                7 | 16730.21 |         2438.04 | 2026-09-15 14:03:32 |                0.56 |
| 22066317 |              |     1 |             16 |        16 |                3 |  7182.84 |         2499.34 | 2026-09-15 14:03:33 |                0.54 |
| 22066318 |              |     1 |             24 |        24 |                2 |          |                 | 2026-09-15 14:03:33 |                     |

performance_metrics:
|   Job_ID |  Elapsed_Time | Parallel_Efficiency | Communication_Efficiency | Load_Balance | LB_in | LB_out | Useful_Instructions | Total_Useful_Cycle | Total_Useful_Time |
|----------|---------------|---------------------|--------------------------|--------------|-------|--------|---------------------|--------------------|-------------------|
| 22066316 | 2460549109044 |                0.56 |                     0.86 |         0.65 |  0.65 |    1.0 |      24189111758081 |     25737553237006 |    10990388484496 |
| 22066317 | 2504806819576 |                0.54 |                     0.82 |         0.65 |  0.65 |    1.0 |      47822653905726 |     53199427935758 |    21474894884049 |
| 22066318 |               |                     |                          |              |       |        |                     |                    |                   |

Average Parallel Efficiency: 0.55
Navigating to the JUBE benchmark directory: ....
######################################################################
# benchmark: qe
# id: 22
#
# QE 7.5
######################################################################

Running workpackages (#=done, 0=wait, E=error):

............................................................ (  0/  4)
000000000000000............................................. (  0/  4)
000000000000000000000000000000.............................. (  0/  4)
000000000000000000000000000000000000000000000............... (  0/  4)
000000000000000000000000000000000000000000000000000000000000 (  0/  4)

  | stepname | all | open | wait | error | done |
  |----------|-----|------|------|-------|------|
  |   submit |   4 |    0 |    4 |     0 |    0 |

>>>> Benchmark information and further useful commands:
>>>>       id: 22
>>>>   handle: benchmark_qe_mn5
>>>>      dir: benchmark_qe_mn5/000022
>>>> continue: jube continue benchmark_qe_mn5 --id 22
>>>>  analyse: jube analyse benchmark_qe_mn5 --id 22
>>>>   result: jube result benchmark_qe_mn5 --id 22
>>>>     info: jube info benchmark_qe_mn5 --id 22
>>>>      log: jube log benchmark_qe_mn5 --id 22
######################################################################
Extracted benchmark: qe
Extracted benchmark directory: benchmark_qe_mn5
Extracted jube_id: 000022
2026-09-15 14:47:03: Waiting for all jobs to complete...
2026-09-15 14:47:03: Waiting for start_time.txt files...
2026-09-15 14:47:43: Waiting for start_time.txt files...
2026-09-15 14:48:24: Waiting for job completion...
2026-09-15 14:49:04: Waiting for job completion...
2026-09-15 14:49:44: Waiting for job completion...
2026-09-15 14:50:25: Waiting for job completion...
2026-09-15 14:51:05: Waiting for job completion...
2026-09-15 14:51:45: Waiting for job completion...
2026-09-15 14:52:26: Waiting for job completion...
2026-09-15 14:53:07: Waiting for job completion...
2026-09-15 14:53:48: Waiting for job completion...
2026-09-15 14:54:28: Waiting for job completion...
2026-09-15 14:55:50: Waiting for job completion...
2026-09-15 14:57:04: Waiting for job completion...
2026-09-15 14:58:27: Waiting for job completion...
2026-09-15 14:59:07: Waiting for job completion...
2026-09-15 15:00:22: Waiting for job completion...
2026-09-15 15:01:03: Waiting for job completion...
2026-09-15 15:02:24: Waiting for job completion...
2026-09-15 15:03:49: Waiting for job completion...
2026-09-15 15:04:37: Waiting for job completion...
2026-09-15 15:06:00: Waiting for job completion...
2026-09-15 15:06:50: Waiting for job completion...
2026-09-15 15:07:30: Waiting for job completion...
2026-09-15 15:08:11: Waiting for job completion...
2026-09-15 15:08:51: Waiting for job completion...
2026-09-15 15:09:32: Waiting for job completion...
2026-09-15 15:10:12: Waiting for job completion...
2026-09-15 15:10:53: Waiting for job completion...
2026-09-15 15:11:33: Waiting for job completion...
2026-09-15 15:12:13: Waiting for job completion...
2026-09-15 15:12:53: Waiting for job completion...
Jobs have completed or there might be timeout. Extracting results...
job_details:
|   Job_ID | inp_filename | nodes | tasks_per_node | num_tasks | threads_per_task | CPU_Time | WallTime_Result |          Start_Time | Parallel_Efficiency |
|----------|--------------|-------|----------------|-----------|------------------|----------|-----------------|---------------------|---------------------|
| 22067720 |              |     2 |              8 |        16 |                7 |  9610.77 |         1404.92 | 2026-09-15 14:48:00 |                0.54 |
| 22067721 |              |     2 |              8 |        16 |                7 |  9549.39 |         1397.33 | 2026-09-15 14:47:58 |                0.54 |
| 22067722 |              |     2 |              8 |        16 |                7 |  9635.20 |         1408.70 | 2026-09-15 14:47:58 |                0.54 |
| 22067723 |              |     2 |              8 |        16 |                7 |  9631.41 |         1406.82 | 2026-09-15 14:47:58 |                0.54 |

performance_metrics:
|   Job_ID |  Elapsed_Time | Parallel_Efficiency | Communication_Efficiency | Load_Balance | LB_in | LB_out | Useful_Instructions | Total_Useful_Cycle | Total_Useful_Time |
|----------|---------------|---------------------|--------------------------|--------------|-------|--------|---------------------|--------------------|-------------------|
| 22067720 | 1429894030399 |                0.54 |                     0.83 |         0.65 |  0.66 |   0.99 |      26840421382291 |     28669478376152 |    12436755658772 |
| 22067721 | 1403373479307 |                0.54 |                     0.82 |         0.66 |  0.66 |   0.99 |      26884488499884 |     28900269590660 |    12120127518127 |
| 22067722 | 1433643439007 |                0.54 |                     0.82 |         0.66 |  0.66 |    1.0 |      26836111021325 |     28817752071096 |    12371525862761 |
| 22067723 | 1431798121547 |                0.54 |                     0.82 |         0.66 |  0.66 |    1.0 |      26910743287910 |     28966209493684 |    12397473657366 |

Navigating to the JUBE benchmark directory: ....
######################################################################
# benchmark: qe
# id: 23
#
# QE 7.5
######################################################################

Running workpackages (#=done, 0=wait, E=error):

............................................................ (  0/  4)
000000000000000............................................. (  0/  4)
000000000000000000000000000000.............................. (  0/  4)
000000000000000000000000000000000000000000000............... (  0/  4)
000000000000000000000000000000000000000000000000000000000000 (  0/  4)

  | stepname | all | open | wait | error | done |
  |----------|-----|------|------|-------|------|
  |   submit |   4 |    0 |    4 |     0 |    0 |

>>>> Benchmark information and further useful commands:
>>>>       id: 23
>>>>   handle: benchmark_qe_mn5
>>>>      dir: benchmark_qe_mn5/000023
>>>> continue: jube continue benchmark_qe_mn5 --id 23
>>>>  analyse: jube analyse benchmark_qe_mn5 --id 23
>>>>   result: jube result benchmark_qe_mn5 --id 23
>>>>     info: jube info benchmark_qe_mn5 --id 23
>>>>      log: jube log benchmark_qe_mn5 --id 23
######################################################################
Extracted benchmark: qe
Extracted benchmark directory: benchmark_qe_mn5
Extracted jube_id: 000023
2026-09-15 15:13:37: Waiting for all jobs to complete...
2026-09-15 15:13:37: Waiting for start_time.txt files...
2026-09-15 15:14:17: Waiting for start_time.txt files...
2026-09-15 15:14:57: Waiting for start_time.txt files...
2026-09-15 15:15:37: Waiting for start_time.txt files...
2026-09-15 15:16:17: Waiting for start_time.txt files...
2026-09-15 15:16:57: Waiting for start_time.txt files...
2026-09-15 15:17:38: Waiting for job completion...
2026-09-15 15:18:18: Waiting for job completion...
2026-09-15 15:18:59: Waiting for job completion...
2026-09-15 15:19:39: Waiting for job completion...
2026-09-15 15:20:19: Waiting for job completion...
2026-09-15 15:21:00: Waiting for job completion...
2026-09-15 15:21:40: Waiting for job completion...
2026-09-15 15:22:20: Waiting for job completion...
2026-09-15 15:23:01: Waiting for job completion...
2026-09-15 15:23:41: Waiting for job completion...
2026-09-15 15:24:21: Waiting for job completion...
2026-09-15 15:25:02: Waiting for job completion...
2026-09-15 15:25:42: Waiting for job completion...
2026-09-15 15:26:22: Waiting for job completion...
2026-09-15 15:27:03: Waiting for job completion...
2026-09-15 15:27:43: Waiting for job completion...
2026-09-15 15:28:23: Waiting for job completion...
2026-09-15 15:29:04: Waiting for job completion...
2026-09-15 15:29:44: Waiting for job completion...
2026-09-15 15:30:24: Waiting for job completion...
Jobs have completed or there might be timeout. Extracting results...
job_details:
|   Job_ID | inp_filename | nodes | tasks_per_node | num_tasks | threads_per_task | CPU_Time | WallTime_Result |          Start_Time | Parallel_Efficiency |
|----------|--------------|-------|----------------|-----------|------------------|----------|-----------------|---------------------|---------------------|
| 22068379 |              |     4 |              8 |        32 |                7 |  4913.12 |          725.66 | 2026-09-15 15:17:13 |                0.48 |
| 22068380 |              |     4 |              8 |        32 |                7 |  4918.64 |          724.12 | 2026-09-15 15:17:12 |                0.48 |
| 22068381 |              |     4 |              8 |        32 |                7 |  4898.84 |          721.85 | 2026-09-15 15:17:13 |                0.49 |
| 22068382 |              |     4 |              8 |        32 |                7 |  4923.98 |          724.52 | 2026-09-15 15:17:12 |                0.48 |

performance_metrics:
|   Job_ID | Elapsed_Time | Parallel_Efficiency | Communication_Efficiency | Load_Balance | LB_in | LB_out | Useful_Instructions | Total_Useful_Cycle | Total_Useful_Time |
|----------|--------------|---------------------|--------------------------|--------------|-------|--------|---------------------|--------------------|-------------------|
| 22068379 | 755291275979 |                0.48 |                     0.81 |         0.59 |  0.68 |   0.88 |      24476536437954 |     25668505482283 |    11673793550519 |
| 22068380 | 743830118466 |                0.48 |                      0.8 |         0.59 |  0.67 |   0.89 |      24541422584293 |     25643784388938 |    11394857015606 |
| 22068381 | 751794644172 |                0.49 |                     0.82 |         0.59 |  0.67 |   0.88 |      24536547869829 |     25675055010427 |    11688094572459 |
| 22068382 | 751847460775 |                0.48 |                     0.81 |         0.59 |  0.67 |   0.89 |      24531169964375 |     25635544860252 |    11589770575679 |

Navigating to the JUBE benchmark directory: ....
######################################################################
# benchmark: qe
# id: 24
#
# QE 7.5
######################################################################

Running workpackages (#=done, 0=wait, E=error):

............................................................ (  0/  4)
000000000000000............................................. (  0/  4)
000000000000000000000000000000.............................. (  0/  4)
000000000000000000000000000000000000000000000............... (  0/  4)
000000000000000000000000000000000000000000000000000000000000 (  0/  4)

  | stepname | all | open | wait | error | done |
  |----------|-----|------|------|-------|------|
  |   submit |   4 |    0 |    4 |     0 |    0 |

>>>> Benchmark information and further useful commands:
>>>>       id: 24
>>>>   handle: benchmark_qe_mn5
>>>>      dir: benchmark_qe_mn5/000024
>>>> continue: jube continue benchmark_qe_mn5 --id 24
>>>>  analyse: jube analyse benchmark_qe_mn5 --id 24
>>>>   result: jube result benchmark_qe_mn5 --id 24
>>>>     info: jube info benchmark_qe_mn5 --id 24
>>>>      log: jube log benchmark_qe_mn5 --id 24
######################################################################
Extracted benchmark: qe
Extracted benchmark directory: benchmark_qe_mn5
Extracted jube_id: 000024
2026-09-15 15:31:06: Waiting for all jobs to complete...
2026-09-15 15:31:07: Waiting for start_time.txt files...
2026-09-15 15:31:47: Waiting for start_time.txt files...
2026-09-15 15:32:27: Waiting for start_time.txt files...
2026-09-15 15:33:07: Waiting for start_time.txt files...
2026-09-15 15:33:47: Waiting for start_time.txt files...
2026-09-15 15:34:27: Waiting for start_time.txt files...
2026-09-15 15:35:07: Waiting for start_time.txt files...
2026-09-15 15:35:47: Waiting for start_time.txt files...
2026-09-15 15:36:27: Waiting for start_time.txt files...
2026-09-15 15:37:07: Waiting for start_time.txt files...
2026-09-15 15:37:48: Waiting for job completion...
2026-09-15 15:38:28: Waiting for job completion...
2026-09-15 15:39:09: Waiting for job completion...
2026-09-15 15:39:49: Waiting for job completion...
2026-09-15 15:40:29: Waiting for job completion...
2026-09-15 15:41:10: Waiting for job completion...
2026-09-15 15:41:50: Waiting for job completion...
2026-09-15 15:42:31: Waiting for job completion...
2026-09-15 15:43:11: Waiting for job completion...
2026-09-15 15:43:51: Waiting for job completion...
2026-09-15 15:44:32: Waiting for job completion...
2026-09-15 15:45:12: Waiting for job completion...
2026-09-15 15:45:52: Waiting for job completion...
Jobs have completed or there might be timeout. Extracting results...
job_details:
|   Job_ID | inp_filename | nodes | tasks_per_node | num_tasks | threads_per_task | CPU_Time | WallTime_Result |          Start_Time | Parallel_Efficiency |
|----------|--------------|-------|----------------|-----------|------------------|----------|-----------------|---------------------|---------------------|
| 22068837 |              |     8 |              8 |        64 |                7 |  2864.57 |          422.94 | 2026-09-15 15:37:37 |                0.44 |
| 22068838 |              |     8 |              8 |        64 |                7 |  2858.37 |          422.43 | 2026-09-15 15:37:37 |                0.43 |
| 22068839 |              |     8 |              8 |        64 |                7 |  2857.94 |          422.56 | 2026-09-15 15:37:39 |                0.43 |
| 22068841 |              |     8 |              8 |        64 |                7 |  2867.64 |          422.83 | 2026-09-15 15:37:39 |                0.43 |

performance_metrics:
|   Job_ID | Elapsed_Time | Parallel_Efficiency | Communication_Efficiency | Load_Balance | LB_in | LB_out | Useful_Instructions | Total_Useful_Cycle | Total_Useful_Time |
|----------|--------------|---------------------|--------------------------|--------------|-------|--------|---------------------|--------------------|-------------------|
| 22068837 | 449708512584 |                0.44 |                      0.8 |         0.55 |  0.68 |   0.81 |      25762912932724 |     26720709453408 |    12608907176978 |
| 22068838 | 445010404022 |                0.43 |                     0.76 |         0.57 |  0.67 |   0.84 |      25764788966229 |     26639075502134 |    12337815035044 |
| 22068839 | 444997874565 |                0.43 |                     0.79 |         0.55 |  0.69 |    0.8 |      25717979483043 |     26626972667846 |    12329021942871 |
| 22068841 | 445357834357 |                0.43 |                     0.81 |         0.53 |  0.68 |   0.78 |      25788691764330 |     26724154728743 |    12357457105885 |

Navigating to the JUBE benchmark directory: ....
######################################################################
# benchmark: qe
# id: 25
#
# QE 7.5
######################################################################

Running workpackages (#=done, 0=wait, E=error):

............................................................ (  0/  4)
000000000000000............................................. (  0/  4)
000000000000000000000000000000.............................. (  0/  4)
000000000000000000000000000000000000000000000............... (  0/  4)
000000000000000000000000000000000000000000000000000000000000 (  0/  4)

  | stepname | all | open | wait | error | done |
  |----------|-----|------|------|-------|------|
  |   submit |   4 |    0 |    4 |     0 |    0 |

>>>> Benchmark information and further useful commands:
>>>>       id: 25
>>>>   handle: benchmark_qe_mn5
>>>>      dir: benchmark_qe_mn5/000025
>>>> continue: jube continue benchmark_qe_mn5 --id 25
>>>>  analyse: jube analyse benchmark_qe_mn5 --id 25
>>>>   result: jube result benchmark_qe_mn5 --id 25
>>>>     info: jube info benchmark_qe_mn5 --id 25
>>>>      log: jube log benchmark_qe_mn5 --id 25
######################################################################
Extracted benchmark: qe
Extracted benchmark directory: benchmark_qe_mn5
Extracted jube_id: 000025
2026-09-15 15:46:38: Waiting for all jobs to complete...
2026-09-15 15:46:38: Waiting for start_time.txt files...
2026-09-15 15:47:18: Waiting for start_time.txt files...
2026-09-15 15:47:58: Waiting for start_time.txt files...
2026-09-15 15:48:48: Waiting for start_time.txt files...
2026-09-15 15:49:39: Waiting for start_time.txt files...
2026-09-15 15:50:31: Waiting for start_time.txt files...
2026-09-15 15:51:11: Waiting for start_time.txt files...
2026-09-15 15:51:57: Waiting for start_time.txt files...
2026-09-15 15:52:48: Waiting for start_time.txt files...
2026-09-15 15:53:36: Waiting for start_time.txt files...
2026-09-15 15:54:27: Waiting for start_time.txt files...
2026-09-15 15:55:18: Waiting for start_time.txt files...
2026-09-15 15:56:08: Waiting for start_time.txt files...
2026-09-15 15:56:48: Waiting for start_time.txt files...
2026-09-15 15:58:00: Waiting for job completion...
2026-09-15 15:58:40: Waiting for job completion...
2026-09-15 15:59:39: Waiting for job completion...
2026-09-15 16:00:40: Waiting for job completion...
2026-09-15 16:01:42: Waiting for job completion...
2026-09-15 16:02:32: Waiting for job completion...
2026-09-15 16:03:35: Waiting for job completion...
Jobs have completed or there might be timeout. Extracting results...
job_details:
|   Job_ID | inp_filename | nodes | tasks_per_node | num_tasks | threads_per_task | CPU_Time | WallTime_Result |          Start_Time | Parallel_Efficiency |
|----------|--------------|-------|----------------|-----------|------------------|----------|-----------------|---------------------|---------------------|
| 22069286 |              |    16 |              8 |       128 |                7 |  1678.56 |          249.21 | 2026-09-15 15:48:35 |                0.42 |
| 22069287 |              |    16 |              8 |       128 |                7 |  1679.50 |          250.49 | 2026-09-15 15:48:36 |                0.42 |
| 22069288 |              |    16 |              8 |       128 |                7 |  1685.37 |          251.23 | 2026-09-15 15:57:27 |                0.41 |
| 22069289 |              |    16 |              8 |       128 |                7 |  1683.97 |          251.45 | 2026-09-15 15:57:27 |                0.41 |

performance_metrics:
|   Job_ID | Elapsed_Time | Parallel_Efficiency | Communication_Efficiency | Load_Balance | LB_in | LB_out | Useful_Instructions | Total_Useful_Cycle | Total_Useful_Time |
|----------|--------------|---------------------|--------------------------|--------------|-------|--------|---------------------|--------------------|-------------------|
| 22069286 | 281090785853 |                0.42 |                     0.79 |         0.53 |  0.71 |   0.76 |      28477754990091 |     28374931532936 |    15135092538207 |
| 22069287 | 282474935663 |                0.42 |                     0.77 |         0.55 |  0.73 |   0.75 |      28415819934395 |     28425239594284 |    15160999044313 |
| 22069288 | 299112485920 |                0.41 |                     0.77 |         0.53 |  0.75 |   0.71 |      28464443954694 |     28381923127325 |    15739021227899 |
| 22069289 | 300054230353 |                0.41 |                     0.78 |         0.53 |  0.74 |   0.71 |      28467275546297 |     28451262576085 |    15802327757249 |

